srun: job 22378410 queued and waiting for resources
srun: job 22378410 has been allocated resources
Warp 1.15.0 initialized:
   CUDA Toolkit 12.9, Driver 12.9
   Devices:
     "cpu"      : "x86_64"
     "cuda:0"   : "NVIDIA H100 80GB HBM3" (79 GiB, sm_90, mempool enabled)
   Kernel cache:
     /admin/home/martino/.cache/warp/1.15.0
Module mujoco_warp._src.smooth c4020f1 load on device 'cuda:0' took 27.39 ms  (cached)
Module _nxn_broadphase__locals__kernel_7c49670b 7c49670 load on device 'cuda:0' took 13.36 ms  (cached)
Module ccd_kernel_builder__locals__ccd_kernel_f8c8ac51 f8c8ac5 load on device 'cuda:0' took 16.04 ms  (cached)
Module ccd_kernel_builder__locals__ccd_kernel_f8c8ac51 5ccde89 load on device 'cuda:0' took 16.38 ms  (cached)
Module ccd_kernel_builder__locals__ccd_kernel_3adbe369 3adbe36 load on device 'cuda:0' took 15.54 ms  (cached)
Module ccd_kernel_builder__locals__ccd_kernel_3adbe369 2d56c7a load on device 'cuda:0' took 13.18 ms  (cached)
Module ccd_kernel_builder__locals__ccd_kernel_01af8d8e 01af8d8 load on device 'cuda:0' took 13.57 ms  (cached)
Module ccd_kernel_builder__locals__ccd_kernel_01af8d8e df29307 load on device 'cuda:0' took 13.75 ms  (cached)
Module ccd_kernel_builder__locals__ccd_kernel_65021576 6502157 load on device 'cuda:0' took 23.94 ms  (cached)
Module ccd_kernel_builder__locals__ccd_kernel_65021576 91d6ba9 load on device 'cuda:0' took 21.04 ms  (cached)
Module _primitive_narrowphase__locals__primitive_narrowphase_305bffa9 305bffa load on device 'cuda:0' took 20.48 ms  (cached)
Module mujoco_warp._src.constraint 36c8060 load on device 'cuda:0' took 15.15 ms  (cached)
Module _friction_dof__locals__kernel_b6332f7a b6332f7 load on device 'cuda:0' took 11.25 ms  (cached)
Module _limit_slide_hinge__locals__kernel_697e08d0 697e08d load on device 'cuda:0' took 13.45 ms  (cached)
Module _efc_contact_init__locals__kernel_c7fda836 c7fda83 load on device 'cuda:0' took 13.48 ms  (cached)
Module _efc_contact_jac_sparse__locals__kernel_c4f13e50 c4f13e5 load on device 'cuda:0' took 12.93 ms  (cached)
Module _efc_contact_update__locals__kernel_a9f93c23 a9f93c2 load on device 'cuda:0' took 11.69 ms  (cached)
Module mujoco_warp._src.sensor de892d8 load on device 'cuda:0' took 20.68 ms  (cached)
Module mujoco_warp._src.forward bfd9fb5 load on device 'cuda:0' took 17.85 ms  (cached)
Module mujoco_warp._src.passive d8c18c6 load on device 'cuda:0' took 17.23 ms  (cached)
Module mujoco_warp._src.forward b068ad6 load on device 'cuda:0' took 20.08 ms  (cached)
Module _qfrc_smooth__locals__kernel_f1330af6 f1330af load on device 'cuda:0' took 12.82 ms  (cached)
Module mujoco_warp._src.support ca784c5 load on device 'cuda:0' took 13.08 ms  (cached)
Module _tile_cholesky_factorize_solve_block__locals__kernel_e27b9fca dda0549 load on device 'cuda:0' took 49.10 ms  (cached)
Module _solve_init_dof__locals__kernel_58fc95a3 58fc95a load on device 'cuda:0' took 12.97 ms  (cached)
Module mujoco_warp._src.solver 3a105a0 load on device 'cuda:0' took 18.37 ms  (cached)
Module _solve_init_jaref_kernel__locals__kernel_d1059581 d105958 load on device 'cuda:0' took 11.33 ms  (cached)
Module mul_m_kernel__locals___mul_m_dc7994af dc7994a load on device 'cuda:0' took 13.38 ms  (cached)
Module _update_constraint_efc__locals__kernel_fbd22eb4 fbd22eb load on device 'cuda:0' took 14.67 ms  (cached)
Module _update_constraint_init_qfrc_constraint_sparse__locals__kernel_9cd0e049 9cd0e04 load on device 'cuda:0' took 12.43 ms  (cached)
Module _update_gradient_zero_grad_dot__locals__kernel_0a68ff4a 0a68ff4 load on device 'cuda:0' took 11.67 ms  (cached)
Module _update_gradient_grad__locals__kernel_1e983fa6 1e983fa load on device 'cuda:0' took 12.24 ms  (cached)
Module _update_gradient_init_h_sparse__locals__kernel_7d44b002 7d44b00 load on device 'cuda:0' took 10.89 ms  (cached)
Module _JTDAJ_sparse__locals__kernel_360e6a1b 360e6a1 load on device 'cuda:0' took 12.32 ms  (cached)
Module _JTDAJ_sparse__locals__kernel_360e6a1b 9a9fdcd load on device 'cuda:0' took 11.78 ms  (cached)
Module _update_gradient_cholesky_blocked__locals__kernel_960a2c35 32c9a77 load on device 'cuda:0' took 88.97 ms  (cached)
Module _linesearch_jv_fused_kernel__locals__kernel_204984bc 204984b load on device 'cuda:0' took 12.34 ms  (cached)
Module _linesearch_iterative_kernel__locals__kernel_078e7ccf 43bd141 load on device 'cuda:0' took 13.73 ms  (cached)
Module _update_constraint_efc__locals__kernel_685d62b6 685d62b load on device 'cuda:0' took 12.46 ms  (cached)
Module _update_gradient_zero_grad_dot__locals__kernel_167dfd46 167dfd4 load on device 'cuda:0' took 10.82 ms  (cached)
Module _update_gradient_grad__locals__kernel_ac4dac37 ac4dac3 load on device 'cuda:0' took 12.04 ms  (cached)
Module _update_gradient_h_incremental_sparse__locals__kernel_665efaa0 665efaa load on device 'cuda:0' took 12.47 ms  (cached)
Module _update_gradient_cholesky_blocked_skip_unchanged__locals__kernel_2f7935b4 09b9bda load on device 'cuda:0' took 95.82 ms  (cached)
Module _next_time_builder__locals___next_time_eb151a48 eb151a4 load on device 'cuda:0' took 11.79 ms  (cached)
[OK] physics_16
[OK] physics_512
Module mujoco_warp._src.render_util 97c6606 load on device 'cuda:0' took 9.08 ms  (cached)
Module mujoco_warp._src.io b4940be load on device 'cuda:0' took 19.54 ms  (cached)
Module mujoco_warp._src.bvh f2c5137 load on device 'cuda:0' took 13.09 ms  (cached)
Module render__locals___render_megakernel_6b9f30b9 6380c41 load on device 'cuda:0' took 9.65 ms  (cached)
[OK] render_head_16
